// Jest Snapshot v1, https://goo.gl/fbAQLP

exports[`CdrChip matches snapshot 1`] = `
<button
  class="cdr-chip"
>
  tortilla chip
</button>
`;
