// Jest Snapshot v1, https://goo.gl/fbAQLP

exports[`CdrInput renders correctly 1`] = `
<div
  class="cdr-input-container"
>
  <div
    class="cdr-label-standalone-wrap"
  >
    <label
      class="cdr-label-standalone__label"
      for="renders"
    >
      Label Test
    </label>
  </div>
  <div
    class="cdr-input-outer-wrap"
  >
    <div
      class="cdr-input-wrap"
    >
      <input
        class="cdr-input cdr-input--primary"
        id="renders"
        type="text"
      />
    </div>
  </div>
</div>
`;
