// Jest Snapshot v1, https://goo.gl/fbAQLP

exports[`CdrBreadcrumb renders correctly 1`] = `
<nav
  aria-label="breadcrumbs"
  class="cdr-breadcrumb"
>
  <ol
    class="cdr-breadcrumb__list"
    id="exampleList"
  >
    <li
      class="cdr-breadcrumb__item"
    >
      <button
        aria-controls="exampleList"
        aria-expanded="false"
        aria-label="show 1 more navigation level"
        class="cdr-breadcrumb__ellipses"
      >
        <svg
          aria-hidden="true"
          class="cdr-icon cdr-breadcrumb__ellipses-icon"
          role="presentation"
          viewBox="0 0 24 24"
          xmlns="http://www.w3.org/2000/svg"
        >
          <path
            d="M17.5 22a1.5 1.5 0 1 1 0-3 1.5 1.5 0 0 1 0 3zM12 22a1.5 1.5 0 1 1 0-3 1.5 1.5 0 0 1 0 3zm-5.5 0a1.5 1.5 0 1 1 0-3 1.5 1.5 0 0 1 0 3z"
          />
        </svg>
      </button>
      <span
        aria-hidden="true"
        class="cdr-breadcrumb__delimiter"
      >
        /
      </span>
    </li>
    <li
      class="cdr-breadcrumb__item"
      style="display: none;"
    >
      <a
        class="cdr-breadcrumb__link"
        href="http://google.com"
      >
        Long Breadcrumb Step 1
      </a>
      <span
        aria-hidden="true"
        class="cdr-breadcrumb__delimiter"
      >
        /
      </span>
    </li>
    <li
      class="cdr-breadcrumb__item"
    >
      <a
        class="cdr-breadcrumb__link"
        href="http://rei.com"
      >
        Long Breadcrumb Step 2
      </a>
      <span
        aria-hidden="true"
        class="cdr-breadcrumb__delimiter"
      >
        /
      </span>
    </li>
    <li
      class="cdr-breadcrumb__item"
    >
      <a
        class="cdr-breadcrumb__link"
        href="http://yahoo.com"
      >
        Long Breadcrumb Step 3
      </a>
    </li>
  </ol>
</nav>
`;
