// Jest Snapshot v1, https://goo.gl/fbAQLP

exports[`CdrCheckbox renders correctly 1`] = `
<div
  class="cdr-label-wrapper__container cdr-checkbox"
>
  <label
    class="cdr-label-wrapper cdr-label-wrapper--medium custom-label-class"
  >
    <input
      class="cdr-checkbox__input"
      type="checkbox"
    />
    <span
      class="cdr-label-wrapper__figure"
    />
    <div
      class="cdr-label-wrapper__content"
    >
      Label Test
    </div>
  </label>
</div>
`;
